<table class="code-view"><tbody><tr><td id="L1" line="1"></td><td><span style="color:#d923e9">0.0f</span></td></tr></tbody></table>