<table class="code-view"><tbody><tr><td id="L1" line="1"></td><td></td></tr></tbody></table>