<table class="code-view"><tbody><tr><td id="L1" line="1"></td><td><span style="color:#d923e9">0</span><span style="color:#a0a0a0">/*foo_bar(* + 0 - &quot;&quot; */</span></td></tr><tr><td id="L2" line="2"></td><td><span style="color:#d923e9">0.1</span><span style="color:#a0a0a0">/*foo_bar(* + 0 - &quot;&quot; */</span></td></tr><tr><td id="L3" line="3"></td><td>0<span style="color:#515125">..</span><span style="color:#a0a0a0">/*foo_bar(* + 0 - &quot;&quot; */</span></td></tr><tr><td id="L4" line="4"></td><td>0<span style="color:#515125">.</span>1<span style="color:#515125">.</span><span style="color:#a0a0a0">/*foo_bar(* + 0 - &quot;&quot; */</span></td></tr><tr><td id="L5" line="5"></td><td><span style="color:#ff0000">&quot;&quot;</span><span style="color:#a0a0a0">/*foo_bar(* + 0 - &quot;&quot; */</span></td></tr><tr><td id="L6" line="6"></td><td><span style="color:#0086b3">f</span><span style="color:#515125">(</span><span style="color:#a0a0a0">/*foo_bar() + 0 - &quot;&quot; */</span><span style="color:#515125">)</span></td></tr><tr><td id="L7" line="7"></td><td><span style="color:#00a000">#define f <span style="color:#a0a0a0">/*</span></span></td></tr><tr><td id="L8" line="8"></td><td><span style="color:#00a000"><span style="color:#a0a0a0">foo_bar() + 0 - &quot;&quot; */</span></span></td></tr><tr><td id="L9" line="9"></td><td></td></tr></tbody></table>