<table class="code-view"><tbody><tr><td id="L1" line="1"></td><td><span style="color:#00a000">#pragma</span></td></tr></tbody></table>