<table class="code-view"><tbody><tr><td id="L1" line="1"></td><td><span style="color:#0000ff;font-weight:bold">int</span> <span style="color:#0000ff;font-weight:bold">char</span></td></tr></tbody></table>