<table class="code-view"><tbody><tr><td id="L1" line="1"></td><td><span style="color:#ff0000">&quot;aaaa<span style="color:#d923e9">\U</span></span></td></tr></tbody></table>